<html>
<body>
<pre>
<h1>µVision Build Log</h1>
<h2>Tool Versions:</h2>
IDE-Version: ¦ÌVision V5.15
Copyright (C) 2015 ARM Ltd and ARM Germany GmbH. All rights reserved.
License Information: 1 Administrator, 1, LIC=----
 
Tool Versions:
Toolchain:       MDK-Lite  Version: 5.15.0
Toolchain Path:  D:\software\keil515\ARM\ARMCC\Bin
C Compiler:      Armcc.exe V5.05 update 2 (build 169)
Assembler:       Armasm.exe V5.05 update 2 (build 169)
Linker/Locator:  ArmLink.exe V5.05 update 2 (build 169)
Library Manager: ArmAr.exe V5.05 update 2 (build 169)
Hex Converter:   FromElf.exe V5.05 update 2 (build 169)
CPU DLL:         SARMCM3.DLL V5.15.0
Dialog DLL:      DCM.DLL V1.13.2.0
Target DLL:      UL2CM3.DLL V1.155.8.0
Dialog DLL:      TCM.DLL V1.14.5.0
 
<h2>Project:</h2>
F:\STM32\gjk\Project\BH-F103.uvprojx
Project File Date:  07/27/2018

<h2>Output:</h2>
*** Using Compiler 'V5.05 update 2 (build 169)', folder: 'D:\software\keil515\ARM\ARMCC\Bin'
Rebuild target 'Target 1'
assembling startup_stm32f10x_hd.s...
compiling core_cm3.c...
compiling system_stm32f10x.c...
compiling misc.c...
compiling stm32f10x_adc.c...
compiling stm32f10x_bkp.c...
compiling stm32f10x_can.c...
compiling stm32f10x_cec.c...
compiling stm32f10x_crc.c...
compiling stm32f10x_dac.c...
compiling stm32f10x_dbgmcu.c...
compiling stm32f10x_dma.c...
compiling stm32f10x_exti.c...
compiling stm32f10x_flash.c...
compiling stm32f10x_fsmc.c...
compiling stm32f10x_gpio.c...
compiling stm32f10x_i2c.c...
compiling stm32f10x_iwdg.c...
compiling stm32f10x_pwr.c...
compiling stm32f10x_rcc.c...
compiling stm32f10x_rtc.c...
compiling stm32f10x_sdio.c...
compiling stm32f10x_spi.c...
compiling stm32f10x_tim.c...
compiling stm32f10x_usart.c...
compiling stm32f10x_wwdg.c...
compiling mian.c...
..\User\./usart/bsp_usart.h(34): warning:  #1-D: last line of file ends without a newline
  #endif /* __USART_H */
..\User\./SysTick/bsp_SysTick.h(16): warning:  #1-D: last line of file ends without a newline
  #endif /* __SYSTICK_H */
..\User\led\bsp_led.h(21): warning:  #1-D: last line of file ends without a newline
  #endif
..\User\mian.c(142): warning:  #1-D: last line of file ends without a newline
  }
..\User\mian.c(30): warning:  #177-D: variable "count" was declared but never referenced
        unsigned long count;
..\User\mian.c(32): warning:  #177-D: variable "hc05_mode" was declared but never referenced
        char hc05_mode[10]="SLAVE";
..\User\mian.c(34): warning:  #177-D: variable "hc05_nameCMD" was declared but never referenced
        char hc05_nameCMD[40];
..\User\mian.c(35): warning:  #177-D: variable "str" was declared but never referenced
        char str[20];
..\User\mian.c: 8 warnings, 0 errors
compiling stm32f10x_it.c...
..\User\./systick/bsp_SysTick.h(16): warning:  #1-D: last line of file ends without a newline
  #endif /* __SYSTICK_H */
..\User\stm32f10x_it.c(188): warning:  #223-D: function "strstr" declared implicitly
                ucTcpClosedFlag = strstr ( strEsp8266_Fram_Record .Data_RX_BUF, "CLOSED\r\n" ) ? 1 : 0;
..\User\stm32f10x_it.c: 2 warnings, 0 errors
compiling bsp_led.c...
..\User\led\bsp_led.h(21): warning:  #1-D: last line of file ends without a newline
  #endif
..\User\led\bsp_led.c: 1 warning, 0 errors
compiling bsp_usart.c...
..\User\usart\bsp_usart.h(34): warning:  #1-D: last line of file ends without a newline
  #endif /* __USART_H */
..\User\usart\bsp_usart.c: 1 warning, 0 errors
compiling bsp_usart_blt.c...
compiling bsp_SysTick.c...
..\User\./SysTick/bsp_SysTick.h(16): warning:  #1-D: last line of file ends without a newline
  #endif /* __SYSTICK_H */
..\User\SysTick\bsp_SysTick.c: 1 warning, 0 errors
compiling bsp_hc05.c...
..\User\hc05\../SysTick/bsp_SysTick.h(16): warning:  #1-D: last line of file ends without a newline
  #endif /* __SYSTICK_H */
..\User\hc05\bsp_hc05.c: 1 warning, 0 errors
compiling Common.c...
compiling bsp_esp8266.c...
..\User\ESP8266\../SysTick/bsp_SysTick.h(16): warning:  #1-D: last line of file ends without a newline
  #endif /* __SYSTICK_H */
..\User\ESP8266\bsp_esp8266.c: 1 warning, 0 errors
compiling test.c...
..\User\ESP8266\../SysTick/bsp_SysTick.h(16): warning:  #1-D: last line of file ends without a newline
  #endif /* __SYSTICK_H */
..\User\Test\test.c: 1 warning, 0 errors
linking...
Program Size: Code=8020 RO-data=472 RW-data=60 ZI-data=8756  
FromELF: creating hex file...
".\Objects\BH-F103.axf" - 0 Error(s), 16 Warning(s).

<h2>Collection of Component include folders:</h2>
  F:\STM32\gjk\Project\RTE
  D:\software\keil515\ARM\PACK\Keil\STM32F1xx_DFP\1.1.0\Device\Include

<h2>Collection of Component Files used:</h2>
</pre>
</body>
</html>
